Initial count: 5
Counter name: Counter
After increment: 6
After increment again: 7
Max value: 100
Reset to 0
Final count: 0
