Division normale: 3.333333333335
Division entiere: 3
Division entiere avec negatif: -4
Division par zero: PithonZeroDivisionError
