Somme des impairs: 9
True
False
False
True
True
False
PITHON
6 lettres
(1, 2, 3, 4)
[1, 2, 3, 4, 5, 6]
1
[2, 3, 4, 5]
